[0m00:46:19.220228 [debug] [MainThread]: Sending event: {'category': 'dbt', 'action': 'invocation', 'label': 'start', 'context': [<snowplow_tracker.self_describing_json.SelfDescribingJson object at 0x000002BBFB9B6CF0>, <snowplow_tracker.self_describing_json.SelfDescribingJson object at 0x000002BBF92C0E10>, <snowplow_tracker.self_describing_json.SelfDescribingJson object at 0x000002BBFE3A7890>]}


============================== 00:46:19.227891 | 0fc718ac-f7b3-4086-8d28-a1a40d342267 ==============================
[0m00:46:19.227891 [info ] [MainThread]: Running with dbt=1.12.3
[0m00:46:19.228391 [debug] [MainThread]: running dbt with arguments {'version_check': 'True', 'no_print': 'None', 'maximum_seed_size_mib': '1', 'warn_error_options': 'WarnErrorOptionsV2(error=[], warn=[], silence=[])', 'target_path': 'None', 'static_parser': 'True', 'printer_width': '80', 'write_json': 'True', 'introspect': 'True', 'log_cache_events': 'False', 'empty': 'None', 'cache_selected_only': 'False', 'log_format': 'default', 'debug': 'False', 'fail_fast': 'False', 'profiles_dir': 'C:\\Users\\Administrator\\.dbt', 'send_anonymous_usage_stats': 'True', 'quiet': 'False', 'warn_error': 'None', 'partial_parse': 'True', 'use_colors': 'True', 'hints_enabled': 'True', 'invocation_command': 'dbt init', 'use_experimental_parser': 'False', 'indirect_selection': 'eager', 'log_path': 'logs'}
[0m00:46:19.237534 [info ] [MainThread]: Creating dbt configuration folder at C:\Users\Administrator\.dbt
[0m00:46:42.072132 [debug] [MainThread]: Starter project path: C:\Users\Administrator\TFT-Analysis\.venv\Lib\site-packages\dbt\include\starter_project
[0m00:46:42.077140 [info ] [MainThread]: Setting up your profile.
[0m00:46:43.861898 [debug] [MainThread]: Snowflake adapter: Setting snowflake.connector to ERROR (file logging only)
[0m00:46:43.862259 [debug] [MainThread]: Snowflake adapter: Setting botocore to ERROR (file logging only)
[0m00:46:43.862500 [debug] [MainThread]: Snowflake adapter: Setting boto3 to ERROR (file logging only)
[0m01:18:09.882049 [info ] [MainThread]: Profile dbt_tft written to C:\Users\Administrator\.dbt\profiles.yml using target's profile_template.yml and your supplied values.
[0m01:18:09.883956 [info ] [MainThread]: Running dbt debug to validate the project...
[0m01:18:09.884450 [info ] [MainThread]: dbt version: 1.12.3
[0m01:18:09.884692 [info ] [MainThread]: python version: 3.14.7
[0m01:18:09.884885 [info ] [MainThread]: python path: C:\Users\Administrator\TFT-Analysis\.venv\Scripts\python.exe
[0m01:18:09.885074 [info ] [MainThread]: os info: Windows-10-10.0.19045-SP0
[0m01:18:09.927132 [info ] [MainThread]: Using profiles dir at C:\Users\Administrator\.dbt
[0m01:18:09.927608 [info ] [MainThread]: Using profiles.yml file at C:\Users\Administrator\.dbt\profiles.yml
[0m01:18:09.927871 [info ] [MainThread]: Using dbt_project.yml file at C:\Users\Administrator\TFT-Analysis\dbt_tft\dbt_project.yml
[0m01:18:09.928458 [info ] [MainThread]: adapter type: snowflake
[0m01:18:09.928731 [info ] [MainThread]: adapter version: 1.12.0
[0m01:18:10.013774 [info ] [MainThread]: Configuration:
[0m01:18:10.014233 [info ] [MainThread]:   profiles.yml file [[32mOK found and valid[0m]
[0m01:18:10.014596 [info ] [MainThread]:   dbt_project.yml file [[32mOK found and valid[0m]
[0m01:18:10.014962 [info ] [MainThread]: Required dependencies:
[0m01:18:10.015246 [debug] [MainThread]: Executing "git --help"
[0m01:18:10.033346 [debug] [MainThread]: STDOUT: "b"usage: git [-v | --version] [-h | --help] [-C <path>] [-c <name>=<value>]\n           [--exec-path[=<path>]] [--html-path] [--man-path] [--info-path]\n           [-p | --paginate | -P | --no-pager] [--no-replace-objects] [--no-lazy-fetch]\n           [--no-optional-locks] [--no-advice] [--bare] [--git-dir=<path>]\n           [--work-tree=<path>] [--namespace=<name>] [--config-env=<name>=<envvar>]\n           <command> [<args>]\n\nThese are common Git commands used in various situations:\n\nstart a working area (see also: git help tutorial)\n   clone      Clone a repository into a new directory\n   init       Create an empty Git repository or reinitialize an existing one\n\nwork on the current change (see also: git help everyday)\n   add        Add file contents to the index\n   mv         Move or rename a file, a directory, or a symlink\n   restore    Restore working tree files\n   rm         Remove files from the working tree and from the index\n\nexamine the history and state (see also: git help revisions)\n   bisect     Use binary search to find the commit that introduced a bug\n   diff       Show changes between commits, commit and working tree, etc\n   grep       Print lines matching a pattern\n   log        Show commit logs\n   show       Show various types of objects\n   status     Show the working tree status\n\ngrow, mark and tweak your common history\n   backfill   Download missing objects in a partial clone\n   branch     List, create, or delete branches\n   commit     Record changes to the repository\n   history    EXPERIMENTAL: Rewrite history\n   merge      Join two or more development histories together\n   rebase     Reapply commits on top of another base tip\n   reset      Set `HEAD` or the index to a known state\n   switch     Switch branches\n   tag        Create, list, delete or verify tags\n\ncollaborate (see also: git help workflows)\n   fetch      Download objects and refs from another repository\n   pull       Fetch from and integrate with another repository or a local branch\n   push       Update remote refs along with associated objects\n\n'git help -a' and 'git help -g' list available subcommands and some\nconcept guides. See 'git help <command>' or 'git help <concept>'\nto read about a specific subcommand or concept.\nSee 'git help git' for an overview of the system.\n""
[0m01:18:10.033753 [debug] [MainThread]: STDERR: "b''"
[0m01:18:10.034037 [info ] [MainThread]:  - git [[32mOK found[0m]

[0m01:18:10.034313 [info ] [MainThread]: Connection:
[0m01:18:10.034649 [info ] [MainThread]:   account: JGYTGTM-UE87886
[0m01:18:10.034913 [info ] [MainThread]:   user: HOANGTHEANALYST
[0m01:18:10.035162 [info ] [MainThread]:   database: TFT-DATA
[0m01:18:10.035361 [info ] [MainThread]:   warehouse: COMPUTE-WH
[0m01:18:10.035536 [info ] [MainThread]:   role: ACCOUNTADMIN
[0m01:18:10.035708 [info ] [MainThread]:   schema: RAW
[0m01:18:10.035893 [info ] [MainThread]:   authenticator: None
[0m01:18:10.036067 [info ] [MainThread]:   oauth_client_id: None
[0m01:18:10.036235 [info ] [MainThread]:   query_tag: None
[0m01:18:10.036405 [info ] [MainThread]:   client_session_keep_alive: False
[0m01:18:10.036574 [info ] [MainThread]:   host: None
[0m01:18:10.036737 [info ] [MainThread]:   port: None
[0m01:18:10.036900 [info ] [MainThread]:   proxy_host: None
[0m01:18:10.037064 [info ] [MainThread]:   proxy_port: None
[0m01:18:10.037226 [info ] [MainThread]:   protocol: None
[0m01:18:10.037391 [info ] [MainThread]:   connect_retries: 1
[0m01:18:10.037554 [info ] [MainThread]:   connect_timeout: None
[0m01:18:10.037720 [info ] [MainThread]:   retry_on_database_errors: False
[0m01:18:10.037896 [info ] [MainThread]:   retry_all: False
[0m01:18:10.038069 [info ] [MainThread]:   insecure_mode: False
[0m01:18:10.038235 [info ] [MainThread]:   reuse_connections: True
[0m01:18:10.038400 [info ] [MainThread]:   s3_stage_vpce_dns_name: None
[0m01:18:10.038565 [info ] [MainThread]:   workload_identity_provider: None
[0m01:18:10.038727 [info ] [MainThread]:   workload_identity_entra_resource: None
[0m01:18:10.038976 [info ] [MainThread]:   platform_detection_timeout_seconds: 0.0
[0m01:18:10.039411 [info ] [MainThread]: Registered adapter: snowflake=1.12.0
[0m01:18:10.186079 [debug] [MainThread]: Acquiring new snowflake connection 'debug'
[0m01:18:10.187577 [debug] [MainThread]: Using snowflake connection "debug"
[0m01:18:10.187814 [debug] [MainThread]: On debug: select 1 as id
[0m01:18:10.188000 [debug] [MainThread]: Opening a new connection, currently in state init
[0m01:18:11.123851 [debug] [MainThread]: SQL status: SUCCESS 1 in 0.936 seconds
[0m01:18:11.124599 [info ] [MainThread]:   Connection test: [[32mOK connection ok[0m]

[0m01:18:11.125030 [info ] [MainThread]: [32mAll checks passed![0m
[0m01:18:11.125428 [info ] [MainThread]: Your new dbt project "dbt_tft" was created!
Initialized new project in C:\Users\Administrator\TFT-Analysis\dbt_tft\dbt_tft

For more information on how to configure the profiles.yml file,
please consult the dbt documentation here:

  https://docs.getdbt.com/docs/configure-your-profile

One more thing:

Need help? Don't hesitate to reach out to us via GitHub issues or on Slack:

  https://community.getdbt.com/

Happy modeling!

[0m01:18:11.126347 [debug] [MainThread]: Command `dbt init` succeeded at 01:18:11.126245 after 1912.05 seconds
[0m01:18:11.126584 [debug] [MainThread]: Connection 'debug' was left open.
[0m01:18:11.126783 [debug] [MainThread]: On debug: Close
[0m01:18:11.258975 [debug] [MainThread]: Sending event: {'category': 'dbt', 'action': 'invocation', 'label': 'end', 'context': [<snowplow_tracker.self_describing_json.SelfDescribingJson object at 0x000002BB8154BE10>, <snowplow_tracker.self_describing_json.SelfDescribingJson object at 0x000002BBF8FF8A70>, <snowplow_tracker.self_describing_json.SelfDescribingJson object at 0x000002BB802B5BF0>]}
[0m01:18:11.259395 [debug] [MainThread]: Flushing usage events
[0m01:18:12.211242 [debug] [MainThread]: An error was encountered while trying to flush usage events
[0m01:29:55.633062 [debug] [MainThread]: Sending event: {'category': 'dbt', 'action': 'invocation', 'label': 'start', 'context': [<snowplow_tracker.self_describing_json.SelfDescribingJson object at 0x0000022DBBF51E80>, <snowplow_tracker.self_describing_json.SelfDescribingJson object at 0x0000022DB9828B90>, <snowplow_tracker.self_describing_json.SelfDescribingJson object at 0x0000022DBE8EF9D0>]}


============================== 01:29:55.635939 | 9416f812-4475-4b1f-b90f-0d0577f2530b ==============================
[0m01:29:55.635939 [info ] [MainThread]: Running with dbt=1.12.3
[0m01:29:55.636388 [debug] [MainThread]: running dbt with arguments {'static_parser': 'True', 'no_print': 'None', 'version_check': 'True', 'warn_error_options': 'WarnErrorOptionsV2(error=[], warn=[], silence=[])', 'target_path': 'None', 'maximum_seed_size_mib': '1', 'printer_width': '80', 'write_json': 'True', 'empty': 'False', 'log_cache_events': 'False', 'introspect': 'True', 'cache_selected_only': 'False', 'log_format': 'default', 'debug': 'False', 'fail_fast': 'False', 'profiles_dir': 'C:\\Users\\Administrator\\.dbt', 'send_anonymous_usage_stats': 'True', 'quiet': 'False', 'warn_error': 'None', 'partial_parse': 'True', 'invocation_command': 'dbt run --select stg_matches.sql', 'hints_enabled': 'True', 'indirect_selection': 'eager', 'use_experimental_parser': 'False', 'use_colors': 'True', 'log_path': 'logs'}
[0m01:29:55.636753 [error] [MainThread]: [[31mERROR[0m]: Encountered an error:
Runtime Error
  No dbt_project.yml found at expected path C:\Users\Administrator\TFT-Analysis\dbt_project.yml
  Verify that each entry within packages.yml (and their transitive dependencies) contains a file named dbt_project.yml
  
[0m01:29:55.637300 [debug] [MainThread]: Command `dbt run` failed at 01:29:55.637217 after 0.11 seconds
[0m01:29:55.637559 [debug] [MainThread]: Sending event: {'category': 'dbt', 'action': 'invocation', 'label': 'end', 'context': [<snowplow_tracker.self_describing_json.SelfDescribingJson object at 0x0000022DBE859BA0>, <snowplow_tracker.self_describing_json.SelfDescribingJson object at 0x0000022DBE87A8D0>, <snowplow_tracker.self_describing_json.SelfDescribingJson object at 0x0000022DBE8E7DF0>]}
[0m01:29:55.637831 [debug] [MainThread]: Flushing usage events
[0m01:29:56.580850 [debug] [MainThread]: An error was encountered while trying to flush usage events
